// Jest Snapshot v1, https://goo.gl/fbAQLP

exports[`ContactList component render propertly 1`] = `
<button
  className="PlusButton"
>
  <div />
  <div />
</button>
`;
